---
source: dial9-macro/src/lib.rs
expression: output
---
fn main() -> Result<(), Box<dyn std::error::Error>> {
    let __dial9_config = my_config();
    let (__dial9_runtime, __dial9_guard) = __dial9_config
        .build()
        .expect("failed to initialize dial9 runtime");
    let __dial9_handle = __dial9_guard.handle();
    __dial9_runtime
        .block_on(async move {
            __dial9_handle
                .spawn(async move {
                    do_work().await?;
                    Ok(())
                })
                .await
                .expect("dial9 root task panicked")
        })
}
